// Jest Snapshot v1, https://goo.gl/fbAQLP

exports[`renders correctly 1`] = `
<View
  style={
    Array [
      Object {
        "alignItems": "center",
        "borderColor": "#666666",
        "borderWidth": 1,
        "flexDirection": "row",
        "height": 60,
        "paddingHorizontal": 20,
      },
      undefined,
    ]
  }
>
  <TextInput
    allowFontScaling={true}
    autoCorrect={false}
    autoFocus={true}
    numberOfLines={1}
    placeholder="Search artists, songs, albums"
    rejectResponderTermination={true}
    style={
      Object {
        "flex": 1,
        "fontSize": 20,
      }
    }
    underlineColorAndroid="transparent"
  />
  <View
    accessible={true}
    focusable={false}
    onClick={[Function]}
    onResponderGrant={[Function]}
    onResponderMove={[Function]}
    onResponderRelease={[Function]}
    onResponderTerminate={[Function]}
    onResponderTerminationRequest={[Function]}
    onStartShouldSetResponder={[Function]}
    style={
      Object {
        "backgroundColor": "#666666",
        "borderColor": "#666666",
        "borderRadius": 10,
        "borderWidth": 0.5,
        "opacity": 1,
        "padding": 10,
      }
    }
  >
    <Text
      style={
        Object {
          "color": "white",
        }
      }
    >
      Search
    </Text>
  </View>
</View>
`;
